.next/types/app/events/[id]/register/page.ts(34,29): error TS2344: Type '{ params: { id: string; }; searchParams?: { ticket?: string | undefined; } | undefined; }' does not satisfy the constraint 'PageProps'.
  Types of property 'params' are incompatible.
    Type '{ id: string; }' is missing the following properties from type 'Promise<any>': then, catch, finally, [Symbol.toStringTag]
